u1: 730 sessions, 200 questions, cutoff 2028-02-28
context ~324,099 tokens
Direct use of automatic function calling (AFC) in Models.generate_content is not recommended. Instead, we recommend to use AFC in Chat.send_message. Similarly, direct use of AFC in Models.generate_content_stream is not recommended. Instead, we recommend to use AFC in Chat.send_message_stream.
Direct use of automatic function calling (AFC) in AsyncModels.generate_content is not recommended. Instead, we recommend to use AFC in AsyncChat.send_message. Similarly, direct use of AFC in AsyncModels.generate_content_stream is not recommended. Instead, we recommend to use AFC in AsyncChat.send_message_stream.
{
  "n": 200,
  "accuracy": 0.98,
  "by_category": {
    "abstention": {
      "n": 14,
      "accuracy": 1.0
    },
    "attribution": {
      "n": 3,
      "accuracy": 1.0
    },
    "change_detection": {
      "n": 3,
      "accuracy": 1.0
    },
    "duration": {
      "n": 6,
      "accuracy": 1.0
    },
    "event_status": {
      "n": 8,
      "accuracy": 0.75
    },
    "fact_at_time": {
      "n": 34,
      "accuracy": 1.0
    },
    "fact_current": {
      "n": 5,
      "accuracy": 1.0
    },
    "fact_history": {
      "n": 4,
      "accuracy": 0.75
    },
    "pattern_at_time": {
      "n": 5,
      "accuracy": 1.0
    },
    "pattern_current": {
      "n": 1,
      "accuracy": 0.0
    },
    "recall": {
      "n": 117,
      "accuracy": 1.0
    }
  }
}
