<All keys matched successfully>
[u1/ours_v4] 2026-03-01
Direct use of automatic function calling (AFC) in AsyncModels.generate_content is not recommended. Instead, we recommend to use AFC in AsyncChat.send_message. Similarly, direct use of AFC in AsyncModels.generate_content_stream is not recommended. Instead, we recommend to use AFC in AsyncChat.send_message_stream.
Direct use of automatic function calling (AFC) in Models.generate_content is not recommended. Instead, we recommend to use AFC in Chat.send_message. Similarly, direct use of AFC in Models.generate_content_stream is not recommended. Instead, we recommend to use AFC in Chat.send_message_stream.
    - Generating weekly narrative for 2026-W09
  ✓ Summary saved: week:2026-W09:user
    - Consolidating facts for 2026-03...
    ✓ Facts consolidated for 2026-03
    - Saving monthly summary for 2026-03
  ✓ Monthly summary saved: month:2026-03:user
    - Finalizing yearly profile for 2026
  ✓ Summary saved: year:2026:user
  ✓ Summary saved: lifetime:user
  ✓ Distilled: relationships:user
  ✓ Distilled: identity:user
  ✓ Distilled: patterns:user
  ✓ Distilled: timeline:user
[u1/ours_v4] 2026-03-02
  Discovered recurring domains for user: []
    - Generating weekly narrative for 2026-W10
  ✓ Summary saved: week:2026-W10:user
    - Consolidating facts for 2026-03...
    ✓ Facts consolidated for 2026-03
    - Saving monthly summary for 2026-03
  ✓ Monthly summary saved: month:2026-03:user
    - Finalizing yearly profile for 2026
  ✓ Summary saved: year:2026:user
  ✓ Summary saved: lifetime:user
  ✓ Updated: relationships:user
  ✓ Updated: identity:user
  ✓ Updated: patterns:user
  ✓ Updated: timeline:user
[u1/ours_v4] 2026-03-03
<All keys matched successfully>
    - Generating weekly narrative for 2026-W10
  ✓ Summary saved: week:2026-W10:user
    - Consolidating facts for 2026-03...
    ✓ Facts consolidated for 2026-03
    - Saving monthly summary for 2026-03
  ✓ Monthly summary saved: month:2026-03:user
    - Finalizing yearly profile for 2026
  ✓ Summary saved: year:2026:user
  ✓ Summary saved: lifetime:user
  ✓ Updated: relationships:user
  ✓ Updated: identity:user
  ✓ Updated: patterns:user
  ✓ Updated: timeline:user
[u5/ours_v4] 2026-03-01
    - Generating weekly narrative for 2026-W09
  ✓ Summary saved: week:2026-W09:user
    - Consolidating facts for 2026-03...
    ✓ Facts consolidated for 2026-03
    - Saving monthly summary for 2026-03
  ✓ Monthly summary saved: month:2026-03:user
    - Finalizing yearly profile for 2026
  ✓ Summary saved: year:2026:user
  ✓ Summary saved: lifetime:user
  ✓ Distilled: relationships:user
  ✓ Distilled: identity:user
  ✓ Distilled: patterns:user
  ✓ Distilled: timeline:user
[u5/ours_v4] 2026-03-04
  Discovered recurring domains for user: []
    - Generating weekly narrative for 2026-W10
  ✓ Summary saved: week:2026-W10:user
    - Consolidating facts for 2026-03...
    ✓ Facts consolidated for 2026-03
    - Saving monthly summary for 2026-03
  ✓ Monthly summary saved: month:2026-03:user
    - Finalizing yearly profile for 2026
  ✓ Summary saved: year:2026:user
  ✓ Summary saved: lifetime:user
  ✓ Updated: relationships:user
  ✓ Updated: identity:user
  ✓ Updated: patterns:user
  ✓ Updated: timeline:user
[u5/ours_v4] 2026-03-07
    - Generating weekly narrative for 2026-W10
  ✓ Summary saved: week:2026-W10:user
    - Consolidating facts for 2026-03...
    ✓ Facts consolidated for 2026-03
    - Saving monthly summary for 2026-03
  ✓ Monthly summary saved: month:2026-03:user
    - Finalizing yearly profile for 2026
  ✓ Summary saved: year:2026:user
  ✓ Summary saved: lifetime:user
  ✓ Updated: relationships:user
  ✓ Updated: identity:user
  ✓ Updated: patterns:user
  ✓ Updated: timeline:user
{
  "u1": {
    "days": 3,
    "probes": 0,
    "accuracy": null,
    "by_type": {},
    "days_with_missing_items": 0,
    "days_flagged": 1,
    "repairs": 0,
    "avg_turns": 5.3,
    "flag_kinds": {
      "pref_wrong": 1
    }
  },
  "u5": {
    "days": 3,
    "probes": 0,
    "accuracy": null,
    "by_type": {},
    "days_with_missing_items": 0,
    "days_flagged": 2,
    "repairs": 0,
    "avg_turns": 6.7,
    "flag_kinds": {
      "invention": 5
    }
  }
}
